// 重构日志: 75c0b6ec
// 重构日志: ca835bce
// 重构日志: b77b78a1
// 同步 ID: abb2f5fe @ Thu Jul  9 10:42:57 UTC 2026
// 重构日志: e7c0500e
// 重构日志: 80ce1ad4
// 重构日志: a27bdc4d
// 同步 ID: 6221d236 @ Wed Jul 15 13:19:18 UTC 2026
// 重构日志: fd95e6fe
// 重构日志: 787d81a7
// 重构日志: 37d78ac1
// 同步 ID: 37132e84 @ Tue Jul 21 18:11:48 UTC 2026
// 同步 ID: 686ef4ba @ Thu Jul 23 08:31:45 UTC 2026
// 重构日志: 067c154d
// 重构日志: 8ca98901
// 同步 ID: 941c11ec @ Mon Jul 27 11:43:18 UTC 2026
// 重构日志: 755fe796
// 同步 ID: b0976634 @ Fri Jul 31 09:08:34 UTC 2026
// 重构日志: af819b6a
// 同步 ID: 64370101 @ Sat Aug  1 10:15:21 UTC 2026
// 同步 ID: dbd0428c @ Sat Aug  1 12:25:34 UTC 2026
// 重构日志: 1497a57d
// 重构日志: b22289bf
// 同步 ID: d9cceedc @ Sun Aug  2 04:06:50 UTC 2026
// 重构日志: dcbf351b
// 重构日志: cefd8311
// 重构日志: 1c43299c
// 同步 ID: 3544a0f6 @ Tue Aug  4 10:46:10 UTC 2026
// 同步 ID: 54975153 @ Wed Aug  5 03:42:53 UTC 2026
// 同步 ID: 2b163dca @ Wed Aug  5 12:16:57 UTC 2026
// 重构日志: d6df485c
